// Jest Snapshot v1, https://goo.gl/fbAQLP

exports[`should render BookcaseNavigation correctly 1`] = `
<div>
  <h3
    className="text-center"
  >
    Total de livros na estante: 0/10
  </h3>
  <NavLink
    activeClassName="active"
    aria-current="page"
    className="btn btn-primary btn-lg btn-block"
    to="/book/new"
  >
    Adicionar livro
  </NavLink>
</div>
`;
