// Jest Snapshot v1, https://goo.gl/fbAQLP

exports[`should render Bookcase correctly 1`] = `
<div>
  <Component />
  <Component />
</div>
`;
