// Jest Snapshot v1, https://goo.gl/fbAQLP

exports[`should render BookcaseHeader correctly 1`] = `
<div
  className="text-center"
>
  <h1>
    Minha Estante
  </h1>
</div>
`;
