// Jest Snapshot v1, https://goo.gl/fbAQLP

exports[`should render AddUserPage correctly 1`] = `
<div>
  <h2
    className="text-center"
  >
    Criar usu√°rio
  </h2>
  <UserForm
    onSubmit={[Function]}
  />
</div>
`;
