// Jest Snapshot v1, https://goo.gl/fbAQLP

exports[`should render LoginPage correctly 1`] = `
<div>
  <h2
    className="text-center"
  >
    Login
  </h2>
  <LoginForm
    onSubmit={[Function]}
  />
</div>
`;
